 29 81 00 3C 09 10 28 00 AA 04 AD 75 10 0E 30 0B
 2F 2F 2F 30 30 30 30 30 30 30 30 23 00 00 FF FF
 FF FF 27 27 28 29 25 25 25 26 26 28 27 27 27 27
 23 00 FF FF 00 FF AC 00 FF FF 2F 2F 2F 2E 2E 2E
 31 31 31 31 31 02 00 00 FF FF FF FF 25 26 27 28
 22 23 24 25 26 27 24 24 24 24 33 00 FF FF 00 FF
 AC EC FF FF FF FF FF FF FF FF FF FF FF FF FF FF
 FF FF FF FF FF FF FF FF FF FF FF FF FF FF FF FF
 FF FF FF FF FF FF FF FF FF FF FF FF FF FF FF FF
 FF FF FF FF FF FF FF FF FF FF FF FF FF FF FF FF
 FF FF FF FF FF FF FF FF FF FF FF FF FF FF FF FF
 FF FF FF FF FF FF FF FF 7F 15 20 00 FF FF FF FF
 FF 29 00 11 00 00 00 00 00 FF 03 FF FF FF FF FF
 FE D1 01 23 34 FF FF FF 20 04 4C 02 22 B8 21 02
 0C 00 22 04 00 08 00 32 FF 21 02 0C 00 22 2A 01
 01 00 00 00 00 00 00 00 00 00 00 00 02 00 FF FF
 00 00 00 00 00 00 00 01 00 00 00 00 00 00 00 00
 00 EB 00 6E 01 00 00 00 00 FF 00 E0 4C B8 22 01
 FF FF FF FF FF FF FF FF FF FF FF FF FF FF FF FF
 FF FF FF FF FF FF FF FF FF FF FF FF FF FF FF FF
 FF FF FF FF FF FF FF FF FF FF FF FF FF FF FF FF
 FF FF FF FF FF FF FF FF FF FF FF FF FF FF FF FF
 FF FF FF FF FF FF FF FF FF FF FF FF FF FF FF FF
 FF FF FF FF FF FF FF FF FF FF FF FF FF FF FF FF
 FF FF FF FF FF FF FF FF FF FF FF FF FF FF FF FF
 FF FF FF FF FF FF FF FF FF FF FF FF FF FF FF FF
 FF FF FF FF FF FF FF FF FF FF FF FF FF FF FF FF
 FF FF FF FF FF FF FF FF FF FF FF FF FF FF FF FF
 FF FF FF FF FF FF FF FF FF FF FF FF FF FF FF FF
 FF FF FF FF FF FF FF FF FF FF FF FF FF FF FF FF
 FF FF FF FF FF FF FF FF FF FF FF FF FF FF FF FF
 FF FF FF FF FF FF FF FF FF FF FF FF FF FF FF FF
 FF FF FF FF FF FF FF FF FF FF FF FF FF FF FF FF
 FF FF FF FF FF FF FF FF FF FF FF FF FF FF FF FF
 FF FF FF FF FF FF FF FF FF FF FF FF FF FF FF FF
 FF FF FF FF FF FF FF FF FF FF FF FF FF FF FF FF
 FF FF FF FF FF FF FF FF FF FF FF FF FF FF FF FF
 FF FF FF FF FF FF FF FF FF FF FF FF FF FF FF FF
 FF FF FF FF FF FF FF FF FF FF FF FF FF FF FF FF
 FF FF FF FF FF FF FF FF FF FF FF FF FF FF FF FF
 FF FF FF FF FF FF FF FF FF FF FF FF FF FF FF FF
 FF FF FF FF FF FF FF FF FF FF FF FF FF FF FF FF
 FF FF FF FF FF FF FF FF FF FF FF FF FF FF FF FF
 FF FF FF FF FF FF FF FF FF FF FF FF FF FF FF FF
 FF FF FF FF FF FF FF FF FF FF FF FF FF FF FF FF
 FF FF FF FF FF FF FF FF FF FF FF FF FF FF FF FF
 FF FF FF FF FF FF FF FF FF FF FF FF FF FF FF FF
 FF FF FF FF FF FF FF FF FF FF FF FF FF FF FF FF
